---
source: prqlc/crates/main/src/semantic/resolver/mod.rs
expression: "resolve_derive(r#\"\n            let lag_day = x -> s\"lag_day_todo({x})\"\n            let ret = x dividend_return ->  x / (lag_day x) - 1 + dividend_return\n\n            from a\n            derive (ret b c)\n            \"#).unwrap()"
---
- RqOperator:
    name: std.add
    args:
      - RqOperator:
          name: std.sub
          args:
            - RqOperator:
                name: std.div_f
                args:
                  - Ident:
                      - this
                      - a
                      - b
                    ty:
                      kind: Any
                      lineage: 205
                      infer: true
                  - SString:
                      - String: lag_day_todo(
                      - Expr:
                          expr:
                            Ident:
                              - this
                              - a
                              - b
                            ty:
                              kind: Any
                              lineage: 205
                              infer: true
                          format: ~
                      - String: )
                    ty:
                      kind:
                        Union:
                          - - int
                            - kind:
                                Primitive: Int
                              name: int
                          - - float
                            - kind:
                                Primitive: Float
                              name: float
                          - - bool
                            - kind:
                                Primitive: Bool
                              name: bool
                          - - text
                            - kind:
                                Primitive: Text
                              name: text
                          - - date
                            - kind:
                                Primitive: Date
                              name: date
                          - - time
                            - kind:
                                Primitive: Time
                              name: time
                          - - timestamp
                            - kind:
                                Primitive: Timestamp
                              name: timestamp
                          - - ~
                            - kind:
                                Singleton: "Null"
                      name: scalar
              ty:
                kind:
                  Union:
                    - - int
                      - kind:
                          Primitive: Int
                        name: int
                    - - float
                      - kind:
                          Primitive: Float
                        name: float
            - Literal:
                Integer: 1
              ty:
                kind:
                  Primitive: Int
                lineage: 426
        ty:
          kind:
            Union:
              - - int
                - kind:
                    Primitive: Int
                  name: int
              - - float
                - kind:
                    Primitive: Float
                  name: float
              - - timestamp
                - kind:
                    Primitive: Timestamp
                  name: timestamp
              - - date
                - kind:
                    Primitive: Date
                  name: date
      - Ident:
          - this
          - a
          - c
        ty:
          kind:
            Union:
              - - int
                - kind:
                    Primitive: Int
                  name: int
              - - float
                - kind:
                    Primitive: Float
                  name: float
              - - timestamp
                - kind:
                    Primitive: Timestamp
                  name: timestamp
              - - date
                - kind:
                    Primitive: Date
                  name: date
  ty:
    kind:
      Union:
        - - int
          - kind:
              Primitive: Int
            name: int
        - - float
          - kind:
              Primitive: Float
            name: float
        - - timestamp
          - kind:
              Primitive: Timestamp
            name: timestamp
        - - date
          - kind:
              Primitive: Date
            name: date

