---
source: prqlc/crates/main/src/semantic/resolver/mod.rs
expression: "resolve_ty(r#\"\n            from orders\n            select {customer_no, gross, tax, gross - tax}\n            take 20\n            \"#).unwrap()"
---
kind:
  Array:
    kind:
      Tuple:
        - Single:
            - customer_no
            - kind: Any
              lineage: 212
              infer: true
        - Single:
            - gross
            - kind: Any
              lineage: 212
              infer: true
        - Single:
            - tax
            - kind: Any
              lineage: 212
              infer: true
        - Single:
            - ~
            - kind:
                Union:
                  - - int
                    - kind:
                        Primitive: Int
                      name: int
                  - - float
                    - kind:
                        Primitive: Float
                      name: float
                  - - timestamp
                    - kind:
                        Primitive: Timestamp
                      name: timestamp
                  - - date
                    - kind:
                        Primitive: Date
                      name: date

